  Geri y├╝klenecek projeler belirleniyor...
  Geri y├╝kleme i├ğin t├╝m projeler g├╝ncel.
C:\Program Files\dotnet\sdk\9.0.100-rc.1.24452.12\Sdks\Microsoft.NET.Sdk\targets\Microsoft.NET.RuntimeIdentifierInference.targets(326,5): message NETSDK1057: Bir .NET ├Ânizleme s├╝r├╝m├╝ kullan─▒yorsunuz. Bkz. https://aka.ms/dotnet-support-policy [C:\Users\erdem\OneDrive\Desktop\WEB MOB─░L\Web_Mobil_Akilli_Kampus_FINAL_PROJECT_BACKEND\SMARTCAMPUS.BusinessLayer\SMARTCAMPUS.BusinessLayer.csproj]
C:\Program Files\dotnet\sdk\9.0.100-rc.1.24452.12\Sdks\Microsoft.NET.Sdk\targets\Microsoft.NET.RuntimeIdentifierInference.targets(326,5): message NETSDK1057: Bir .NET ├Ânizleme s├╝r├╝m├╝ kullan─▒yorsunuz. Bkz. https://aka.ms/dotnet-support-policy [C:\Users\erdem\OneDrive\Desktop\WEB MOB─░L\Web_Mobil_Akilli_Kampus_FINAL_PROJECT_BACKEND\SMARTCAMPUS.EntityLayer\SMARTCAMPUS.EntityLayer.csproj]
  SMARTCAMPUS.EntityLayer -> C:\Users\erdem\OneDrive\Desktop\WEB MOB─░L\Web_Mobil_Akilli_Kampus_FINAL_PROJECT_BACKEND\SMARTCAMPUS.EntityLayer\bin\Debug\net8.0\SMARTCAMPUS.EntityLayer.dll
  SMARTCAMPUS.DataAccessLayer -> C:\Users\erdem\OneDrive\Desktop\WEB MOB─░L\Web_Mobil_Akilli_Kampus_FINAL_PROJECT_BACKEND\SMARTCAMPUS.DataAccessLayer\bin\Debug\net8.0\SMARTCAMPUS.DataAccessLayer.dll
  SMARTCAMPUS.BusinessLayer -> C:\Users\erdem\OneDrive\Desktop\WEB MOB─░L\Web_Mobil_Akilli_Kampus_FINAL_PROJECT_BACKEND\SMARTCAMPUS.BusinessLayer\bin\Debug\net8.0\SMARTCAMPUS.BusinessLayer.dll

Olu┼şturma ba┼şar─▒l─▒ oldu.
    0 Uyar─▒
    0 Hata

Ge├ğen S├╝re 00:00:01.31

─░┼ş y├╝k├╝ g├╝ncelle┼ştirmeleri var. Daha fazla bilgi i├ğin `dotnet workload list` ├ğal─▒┼şt─▒r─▒n.
