  Determining projects to restore...
  All projects are up-to-date for restore.
  SMARTCAMPUS.EntityLayer -> C:\Users\taski\Documents\GitHub\Web_Mobil_Akilli_Kampus_FINAL_PROJECT_BACKEND\SMARTCAMPUS.EntityLayer\bin\Debug\net8.0\SMARTCAMPUS.EntityLayer.dll
  SMARTCAMPUS.DataAccessLayer -> C:\Users\taski\Documents\GitHub\Web_Mobil_Akilli_Kampus_FINAL_PROJECT_BACKEND\SMARTCAMPUS.DataAccessLayer\bin\Debug\net8.0\SMARTCAMPUS.DataAccessLayer.dll
  SMARTCAMPUS.BusinessLayer -> C:\Users\taski\Documents\GitHub\Web_Mobil_Akilli_Kampus_FINAL_PROJECT_BACKEND\SMARTCAMPUS.BusinessLayer\bin\Debug\net8.0\SMARTCAMPUS.BusinessLayer.dll
  SMARTCAMPUS.API -> C:\Users\taski\Documents\GitHub\Web_Mobil_Akilli_Kampus_FINAL_PROJECT_BACKEND\SMARTCAMPUS.API\bin\Debug\net8.0\SMARTCAMPUS.API.dll
  SMARTCAMPUS.Tests -> C:\Users\taski\Documents\GitHub\Web_Mobil_Akilli_Kampus_FINAL_PROJECT_BACKEND\SMARTCAMPUS.Tests\bin\Debug\net8.0\SMARTCAMPUS.Tests.dll
Test run for C:\Users\taski\Documents\GitHub\Web_Mobil_Akilli_Kampus_FINAL_PROJECT_BACKEND\SMARTCAMPUS.Tests\bin\Debug\net8.0\SMARTCAMPUS.Tests.dll (.NETCoreApp,Version=v8.0)
VSTest version 18.0.1 (x64)

Starting test execution, please wait...
A total of 1 test files matched the specified pattern.
  Failed SMARTCAMPUS.Tests.Managers.EnrollmentManagerTests.RejectEnrollmentAsync_ShouldFail_WhenNotPending [649 ms]
  Error Message:
   Expected result.StatusCode to be 400, but found 404 (difference of 4).
  Stack Trace:
     at FluentAssertions.Execution.XUnit2TestFramework.Throw(String message)
   at FluentAssertions.Execution.TestFrameworkProvider.Throw(String message)
   at FluentAssertions.Execution.DefaultAssertionStrategy.HandleFailure(String message)
   at FluentAssertions.Execution.AssertionScope.FailWith(Func`1 failReasonFunc)
   at FluentAssertions.Execution.AssertionScope.FailWith(Func`1 failReasonFunc)
   at FluentAssertions.Execution.AssertionScope.FailWith(String message, Object[] args)
   at FluentAssertions.Numeric.NumericAssertions`2.Be(T expected, String because, Object[] becauseArgs)
   at SMARTCAMPUS.Tests.Managers.EnrollmentManagerTests.RejectEnrollmentAsync_ShouldFail_WhenNotPending() in C:\Users\taski\Documents\GitHub\Web_Mobil_Akilli_Kampus_FINAL_PROJECT_BACKEND\SMARTCAMPUS.Tests\Managers\EnrollmentManagerTests.cs:line 473
--- End of stack trace from previous location ---
  Failed SMARTCAMPUS.Tests.Managers.EnrollmentManagerTests.DropCourseAsync_ShouldWithdraw_WhenAfter4Weeks [46 ms]
  Error Message:
   Expected result.IsSuccessful to be true, but found False.
  Stack Trace:
     at FluentAssertions.Execution.XUnit2TestFramework.Throw(String message)
   at FluentAssertions.Execution.TestFrameworkProvider.Throw(String message)
   at FluentAssertions.Execution.DefaultAssertionStrategy.HandleFailure(String message)
   at FluentAssertions.Execution.AssertionScope.FailWith(Func`1 failReasonFunc)
   at FluentAssertions.Execution.AssertionScope.FailWith(Func`1 failReasonFunc)
   at FluentAssertions.Execution.AssertionScope.FailWith(String message, Object[] args)
   at FluentAssertions.Primitives.BooleanAssertions`1.BeTrue(String because, Object[] becauseArgs)
   at SMARTCAMPUS.Tests.Managers.EnrollmentManagerTests.DropCourseAsync_ShouldWithdraw_WhenAfter4Weeks() in C:\Users\taski\Documents\GitHub\Web_Mobil_Akilli_Kampus_FINAL_PROJECT_BACKEND\SMARTCAMPUS.Tests\Managers\EnrollmentManagerTests.cs:line 309
--- End of stack trace from previous location ---
  Failed SMARTCAMPUS.Tests.Managers.EnrollmentManagerTests.ApproveEnrollmentAsync_ShouldFail_WhenSectionFull [14 ms]
  Error Message:
   Expected result.StatusCode to be 400, but found 404 (difference of 4).
  Stack Trace:
     at FluentAssertions.Execution.XUnit2TestFramework.Throw(String message)
   at FluentAssertions.Execution.TestFrameworkProvider.Throw(String message)
   at FluentAssertions.Execution.DefaultAssertionStrategy.HandleFailure(String message)
   at FluentAssertions.Execution.AssertionScope.FailWith(Func`1 failReasonFunc)
   at FluentAssertions.Execution.AssertionScope.FailWith(Func`1 failReasonFunc)
   at FluentAssertions.Execution.AssertionScope.FailWith(String message, Object[] args)
   at FluentAssertions.Numeric.NumericAssertions`2.Be(T expected, String because, Object[] becauseArgs)
   at SMARTCAMPUS.Tests.Managers.EnrollmentManagerTests.ApproveEnrollmentAsync_ShouldFail_WhenSectionFull() in C:\Users\taski\Documents\GitHub\Web_Mobil_Akilli_Kampus_FINAL_PROJECT_BACKEND\SMARTCAMPUS.Tests\Managers\EnrollmentManagerTests.cs:line 382
--- End of stack trace from previous location ---
  Failed SMARTCAMPUS.Tests.Managers.EnrollmentManagerTests.EnrollInCourseAsync_ShouldReactivate_WhenAlreadyExistsAndNotPendingOrEnrolled [101 ms]
  Error Message:
   Expected result.IsSuccessful to be true, but found False.
  Stack Trace:
     at FluentAssertions.Execution.XUnit2TestFramework.Throw(String message)
   at FluentAssertions.Execution.TestFrameworkProvider.Throw(String message)
   at FluentAssertions.Execution.DefaultAssertionStrategy.HandleFailure(String message)
   at FluentAssertions.Execution.AssertionScope.FailWith(Func`1 failReasonFunc)
   at FluentAssertions.Execution.AssertionScope.FailWith(Func`1 failReasonFunc)
   at FluentAssertions.Execution.AssertionScope.FailWith(String message, Object[] args)
   at FluentAssertions.Primitives.BooleanAssertions`1.BeTrue(String because, Object[] becauseArgs)
   at SMARTCAMPUS.Tests.Managers.EnrollmentManagerTests.EnrollInCourseAsync_ShouldReactivate_WhenAlreadyExistsAndNotPendingOrEnrolled() in C:\Users\taski\Documents\GitHub\Web_Mobil_Akilli_Kampus_FINAL_PROJECT_BACKEND\SMARTCAMPUS.Tests\Managers\EnrollmentManagerTests.cs:line 200
--- End of stack trace from previous location ---
  Failed SMARTCAMPUS.Tests.Managers.EnrollmentManagerTests.EnrollInCourseAsync_ShouldFail_WhenPrerequisitesNotMet [7 ms]
  Error Message:
   Expected result.StatusCode to be 400, but found 404 (difference of 4).
  Stack Trace:
     at FluentAssertions.Execution.XUnit2TestFramework.Throw(String message)
   at FluentAssertions.Execution.TestFrameworkProvider.Throw(String message)
   at FluentAssertions.Execution.DefaultAssertionStrategy.HandleFailure(String message)
   at FluentAssertions.Execution.AssertionScope.FailWith(Func`1 failReasonFunc)
   at FluentAssertions.Execution.AssertionScope.FailWith(Func`1 failReasonFunc)
   at FluentAssertions.Execution.AssertionScope.FailWith(String message, Object[] args)
   at FluentAssertions.Numeric.NumericAssertions`2.Be(T expected, String because, Object[] becauseArgs)
   at SMARTCAMPUS.Tests.Managers.EnrollmentManagerTests.EnrollInCourseAsync_ShouldFail_WhenPrerequisitesNotMet() in C:\Users\taski\Documents\GitHub\Web_Mobil_Akilli_Kampus_FINAL_PROJECT_BACKEND\SMARTCAMPUS.Tests\Managers\EnrollmentManagerTests.cs:line 110
--- End of stack trace from previous location ---
  Failed SMARTCAMPUS.Tests.Managers.EnrollmentManagerTests.RejectEnrollmentAsync_ShouldSucceed [1 ms]
  Error Message:
   Expected result.IsSuccessful to be true, but found False.
  Stack Trace:
     at FluentAssertions.Execution.XUnit2TestFramework.Throw(String message)
   at FluentAssertions.Execution.TestFrameworkProvider.Throw(String message)
   at FluentAssertions.Execution.DefaultAssertionStrategy.HandleFailure(String message)
   at FluentAssertions.Execution.AssertionScope.FailWith(Func`1 failReasonFunc)
   at FluentAssertions.Execution.AssertionScope.FailWith(Func`1 failReasonFunc)
   at FluentAssertions.Execution.AssertionScope.FailWith(String message, Object[] args)
   at FluentAssertions.Primitives.BooleanAssertions`1.BeTrue(String because, Object[] becauseArgs)
   at SMARTCAMPUS.Tests.Managers.EnrollmentManagerTests.RejectEnrollmentAsync_ShouldSucceed() in C:\Users\taski\Documents\GitHub\Web_Mobil_Akilli_Kampus_FINAL_PROJECT_BACKEND\SMARTCAMPUS.Tests\Managers\EnrollmentManagerTests.cs:line 491
--- End of stack trace from previous location ---
  Failed SMARTCAMPUS.Tests.Managers.EnrollmentManagerTests.GetPendingEnrollmentsAsync_ShouldReturnPending [25 ms]
  Error Message:
   Expected result.IsSuccessful to be true, but found False.
  Stack Trace:
     at FluentAssertions.Execution.XUnit2TestFramework.Throw(String message)
   at FluentAssertions.Execution.TestFrameworkProvider.Throw(String message)
   at FluentAssertions.Execution.DefaultAssertionStrategy.HandleFailure(String message)
   at FluentAssertions.Execution.AssertionScope.FailWith(Func`1 failReasonFunc)
   at FluentAssertions.Execution.AssertionScope.FailWith(Func`1 failReasonFunc)
   at FluentAssertions.Execution.AssertionScope.FailWith(String message, Object[] args)
   at FluentAssertions.Primitives.BooleanAssertions`1.BeTrue(String because, Object[] becauseArgs)
   at SMARTCAMPUS.Tests.Managers.EnrollmentManagerTests.GetPendingEnrollmentsAsync_ShouldReturnPending() in C:\Users\taski\Documents\GitHub\Web_Mobil_Akilli_Kampus_FINAL_PROJECT_BACKEND\SMARTCAMPUS.Tests\Managers\EnrollmentManagerTests.cs:line 531
--- End of stack trace from previous location ---
  Failed SMARTCAMPUS.Tests.Managers.EnrollmentManagerTests.ApproveEnrollmentAsync_ShouldFail_WhenAccessDenied [1 ms]
  Error Message:
   Expected result.StatusCode to be 403, but found 404 (difference of 1).
  Stack Trace:
     at FluentAssertions.Execution.XUnit2TestFramework.Throw(String message)
   at FluentAssertions.Execution.TestFrameworkProvider.Throw(String message)
   at FluentAssertions.Execution.DefaultAssertionStrategy.HandleFailure(String message)
   at FluentAssertions.Execution.AssertionScope.FailWith(Func`1 failReasonFunc)
   at FluentAssertions.Execution.AssertionScope.FailWith(Func`1 failReasonFunc)
   at FluentAssertions.Execution.AssertionScope.FailWith(String message, Object[] args)
   at FluentAssertions.Numeric.NumericAssertions`2.Be(T expected, String because, Object[] becauseArgs)
   at SMARTCAMPUS.Tests.Managers.EnrollmentManagerTests.ApproveEnrollmentAsync_ShouldFail_WhenAccessDenied() in C:\Users\taski\Documents\GitHub\Web_Mobil_Akilli_Kampus_FINAL_PROJECT_BACKEND\SMARTCAMPUS.Tests\Managers\EnrollmentManagerTests.cs:line 344
--- End of stack trace from previous location ---
  Failed SMARTCAMPUS.Tests.Managers.EnrollmentManagerTests.EnrollInCourseAsync_ShouldFail_WhenSectionFull [2 ms]
  Error Message:
   Expected result.StatusCode to be 400, but found 404 (difference of 4).
  Stack Trace:
     at FluentAssertions.Execution.XUnit2TestFramework.Throw(String message)
   at FluentAssertions.Execution.TestFrameworkProvider.Throw(String message)
   at FluentAssertions.Execution.DefaultAssertionStrategy.HandleFailure(String message)
   at FluentAssertions.Execution.AssertionScope.FailWith(Func`1 failReasonFunc)
   at FluentAssertions.Execution.AssertionScope.FailWith(Func`1 failReasonFunc)
   at FluentAssertions.Execution.AssertionScope.FailWith(String message, Object[] args)
   at FluentAssertions.Numeric.NumericAssertions`2.Be(T expected, String because, Object[] becauseArgs)
   at SMARTCAMPUS.Tests.Managers.EnrollmentManagerTests.EnrollInCourseAsync_ShouldFail_WhenSectionFull() in C:\Users\taski\Documents\GitHub\Web_Mobil_Akilli_Kampus_FINAL_PROJECT_BACKEND\SMARTCAMPUS.Tests\Managers\EnrollmentManagerTests.cs:line 74
--- End of stack trace from previous location ---
  Failed SMARTCAMPUS.Tests.Managers.EnrollmentManagerTests.EnrollInCourseAsync_ShouldFail_WhenScheduleConflict [15 ms]
  Error Message:
   Expected result.StatusCode to be 400, but found 404 (difference of 4).
  Stack Trace:
     at FluentAssertions.Execution.XUnit2TestFramework.Throw(String message)
   at FluentAssertions.Execution.TestFrameworkProvider.Throw(String message)
   at FluentAssertions.Execution.DefaultAssertionStrategy.HandleFailure(String message)
   at FluentAssertions.Execution.AssertionScope.FailWith(Func`1 failReasonFunc)
   at FluentAssertions.Execution.AssertionScope.FailWith(Func`1 failReasonFunc)
   at FluentAssertions.Execution.AssertionScope.FailWith(String message, Object[] args)
   at FluentAssertions.Numeric.NumericAssertions`2.Be(T expected, String because, Object[] becauseArgs)
   at SMARTCAMPUS.Tests.Managers.EnrollmentManagerTests.EnrollInCourseAsync_ShouldFail_WhenScheduleConflict() in C:\Users\taski\Documents\GitHub\Web_Mobil_Akilli_Kampus_FINAL_PROJECT_BACKEND\SMARTCAMPUS.Tests\Managers\EnrollmentManagerTests.cs:line 142
--- End of stack trace from previous location ---
  Failed SMARTCAMPUS.Tests.Managers.EnrollmentManagerTests.RejectEnrollmentAsync_ShouldFail_WhenAccessDenied [2 ms]
  Error Message:
   Expected result.StatusCode to be 403, but found 404 (difference of 1).
  Stack Trace:
     at FluentAssertions.Execution.XUnit2TestFramework.Throw(String message)
   at FluentAssertions.Execution.TestFrameworkProvider.Throw(String message)
   at FluentAssertions.Execution.DefaultAssertionStrategy.HandleFailure(String message)
   at FluentAssertions.Execution.AssertionScope.FailWith(Func`1 failReasonFunc)
   at FluentAssertions.Execution.AssertionScope.FailWith(Func`1 failReasonFunc)
   at FluentAssertions.Execution.AssertionScope.FailWith(String message, Object[] args)
   at FluentAssertions.Numeric.NumericAssertions`2.Be(T expected, String because, Object[] becauseArgs)
   at SMARTCAMPUS.Tests.Managers.EnrollmentManagerTests.RejectEnrollmentAsync_ShouldFail_WhenAccessDenied() in C:\Users\taski\Documents\GitHub\Web_Mobil_Akilli_Kampus_FINAL_PROJECT_BACKEND\SMARTCAMPUS.Tests\Managers\EnrollmentManagerTests.cs:line 454
--- End of stack trace from previous location ---
  Failed SMARTCAMPUS.Tests.Managers.EnrollmentManagerTests.ApproveEnrollmentAsync_ShouldFail_WhenNotPending [1 ms]
  Error Message:
   Expected result.StatusCode to be 400, but found 404 (difference of 4).
  Stack Trace:
     at FluentAssertions.Execution.XUnit2TestFramework.Throw(String message)
   at FluentAssertions.Execution.TestFrameworkProvider.Throw(String message)
   at FluentAssertions.Execution.DefaultAssertionStrategy.HandleFailure(String message)
   at FluentAssertions.Execution.AssertionScope.FailWith(Func`1 failReasonFunc)
   at FluentAssertions.Execution.AssertionScope.FailWith(Func`1 failReasonFunc)
   at FluentAssertions.Execution.AssertionScope.FailWith(String message, Object[] args)
   at FluentAssertions.Numeric.NumericAssertions`2.Be(T expected, String because, Object[] becauseArgs)
   at SMARTCAMPUS.Tests.Managers.EnrollmentManagerTests.ApproveEnrollmentAsync_ShouldFail_WhenNotPending() in C:\Users\taski\Documents\GitHub\Web_Mobil_Akilli_Kampus_FINAL_PROJECT_BACKEND\SMARTCAMPUS.Tests\Managers\EnrollmentManagerTests.cs:line 363
--- End of stack trace from previous location ---
  Failed SMARTCAMPUS.Tests.Managers.EnrollmentManagerTests.DropCourseAsync_ShouldSucceed_WhenFound [1 ms]
  Error Message:
   Expected result.IsSuccessful to be true, but found False.
  Stack Trace:
     at FluentAssertions.Execution.XUnit2TestFramework.Throw(String message)
   at FluentAssertions.Execution.TestFrameworkProvider.Throw(String message)
   at FluentAssertions.Execution.DefaultAssertionStrategy.HandleFailure(String message)
   at FluentAssertions.Execution.AssertionScope.FailWith(Func`1 failReasonFunc)
   at FluentAssertions.Execution.AssertionScope.FailWith(Func`1 failReasonFunc)
   at FluentAssertions.Execution.AssertionScope.FailWith(String message, Object[] args)
   at FluentAssertions.Primitives.BooleanAssertions`1.BeTrue(String because, Object[] becauseArgs)
   at SMARTCAMPUS.Tests.Managers.EnrollmentManagerTests.DropCourseAsync_ShouldSucceed_WhenFound() in C:\Users\taski\Documents\GitHub\Web_Mobil_Akilli_Kampus_FINAL_PROJECT_BACKEND\SMARTCAMPUS.Tests\Managers\EnrollmentManagerTests.cs:line 288
--- End of stack trace from previous location ---
  Failed SMARTCAMPUS.Tests.Managers.EnrollmentManagerTests.ApproveEnrollmentAsync_ShouldSucceed [1 ms]
  Error Message:
   Expected result.IsSuccessful to be true, but found False.
  Stack Trace:
     at FluentAssertions.Execution.XUnit2TestFramework.Throw(String message)
   at FluentAssertions.Execution.TestFrameworkProvider.Throw(String message)
   at FluentAssertions.Execution.DefaultAssertionStrategy.HandleFailure(String message)
   at FluentAssertions.Execution.AssertionScope.FailWith(Func`1 failReasonFunc)
   at FluentAssertions.Execution.AssertionScope.FailWith(Func`1 failReasonFunc)
   at FluentAssertions.Execution.AssertionScope.FailWith(String message, Object[] args)
   at FluentAssertions.Primitives.BooleanAssertions`1.BeTrue(String because, Object[] becauseArgs)
   at SMARTCAMPUS.Tests.Managers.EnrollmentManagerTests.ApproveEnrollmentAsync_ShouldSucceed() in C:\Users\taski\Documents\GitHub\Web_Mobil_Akilli_Kampus_FINAL_PROJECT_BACKEND\SMARTCAMPUS.Tests\Managers\EnrollmentManagerTests.cs:line 401
--- End of stack trace from previous location ---
  Failed SMARTCAMPUS.Tests.Managers.EnrollmentManagerTests.EnrollInCourseAsync_ShouldFail_WhenAlreadyEnrolledOrPendingSameSection [1 ms]
  Error Message:
   Expected result.StatusCode to be 400, but found 404 (difference of 4).
  Stack Trace:
     at FluentAssertions.Execution.XUnit2TestFramework.Throw(String message)
   at FluentAssertions.Execution.TestFrameworkProvider.Throw(String message)
   at FluentAssertions.Execution.DefaultAssertionStrategy.HandleFailure(String message)
   at FluentAssertions.Execution.AssertionScope.FailWith(Func`1 failReasonFunc)
   at FluentAssertions.Execution.AssertionScope.FailWith(Func`1 failReasonFunc)
   at FluentAssertions.Execution.AssertionScope.FailWith(String message, Object[] args)
   at FluentAssertions.Numeric.NumericAssertions`2.Be(T expected, String because, Object[] becauseArgs)
   at SMARTCAMPUS.Tests.Managers.EnrollmentManagerTests.EnrollInCourseAsync_ShouldFail_WhenAlreadyEnrolledOrPendingSameSection() in C:\Users\taski\Documents\GitHub\Web_Mobil_Akilli_Kampus_FINAL_PROJECT_BACKEND\SMARTCAMPUS.Tests\Managers\EnrollmentManagerTests.cs:line 225
--- End of stack trace from previous location ---
  Failed SMARTCAMPUS.Tests.Managers.EnrollmentManagerTests.EnrollInCourseAsync_ShouldFail_WhenEnrolledInAnotherSectionOfSameCourse [1 ms]
  Error Message:
   Expected result.StatusCode to be 400, but found 404 (difference of 4).
  Stack Trace:
     at FluentAssertions.Execution.XUnit2TestFramework.Throw(String message)
   at FluentAssertions.Execution.TestFrameworkProvider.Throw(String message)
   at FluentAssertions.Execution.DefaultAssertionStrategy.HandleFailure(String message)
   at FluentAssertions.Execution.AssertionScope.FailWith(Func`1 failReasonFunc)
   at FluentAssertions.Execution.AssertionScope.FailWith(Func`1 failReasonFunc)
   at FluentAssertions.Execution.AssertionScope.FailWith(String message, Object[] args)
   at FluentAssertions.Numeric.NumericAssertions`2.Be(T expected, String because, Object[] becauseArgs)
   at SMARTCAMPUS.Tests.Managers.EnrollmentManagerTests.EnrollInCourseAsync_ShouldFail_WhenEnrolledInAnotherSectionOfSameCourse() in C:\Users\taski\Documents\GitHub\Web_Mobil_Akilli_Kampus_FINAL_PROJECT_BACKEND\SMARTCAMPUS.Tests\Managers\EnrollmentManagerTests.cs:line 168
--- End of stack trace from previous location ---

Failed!  - Failed:    16, Passed:     6, Skipped:     0, Total:    22, Duration: 975 ms - SMARTCAMPUS.Tests.dll (net8.0)
